Microchip MPLAB XC8 Compiler V2.40

Linker command line:

-W-3 \
  --edf=C:\Program Files\Microchip\xc8\v2.40\pic\dat\20220703182018_en.msgs \
  -cn -h+dist/default/production\ProyDigital2_Master.X.production.sym \
  --cmf=dist/default/production\ProyDigital2_Master.X.production.cmf -z \
  -Q16F887 -oC:\Users\Black\AppData\Local\Temp\xcAsdm0.4 \
  --defsym=__MPLAB_BUILD=1 --fixupoverflow=error \
  -Mdist/default/production/ProyDigital2_Master.X.production.map \
  --md=C:\Users\Black\AppData\Local\Temp\xcAsdm0.dat -E1 -ver=XC8 Compiler \
  --acfsm=1493 -ACODE=00h-07FFhx4 -ASTRCODE=00h-01FFFh -ASTRING=00h-0FFhx32 \
  -ACONST=00h-0FFhx32 -AENTRY=00h-0FFhx32 -ACOMMON=070h-07Fh \
  -ABANK0=020h-06Fh -ABANK1=0A0h-0EFh -ABANK2=0110h-016Fh \
  -ABANK3=0190h-01EFh -ARAM=020h-06Fh,0A0h-0EFh,0110h-016Fh,0190h-01EFh \
  -AABS1=020h-07Fh,0A0h-0EFh,0110h-016Fh,0190h-01EFh -ASFR0=00h-01Fh \
  -ASFR1=080h-09Fh -ASFR2=0100h-010Fh -ASFR3=0180h-018Fh \
  -ACONFIG=02007h-02008h -DCONFIG=2 -AIDLOC=02000h-02003h -DIDLOC=2 \
  -AEEDATA=00h-0FFh/02100h -peeprom_data=EEDATA -DEEDATA=2 -DCODE=2 \
  -DSTRCODE=2 -DSTRING=2 -DCONST=2 -DENTRY=2 \
  -preset_vec=00h,intentry=04h,init,end_init -ppowerup=CODE -pcinit=CODE \
  -pfunctab=ENTRY -k C:\Users\Black\AppData\Local\Temp\xcAsdm0.o \
  dist/default/production\ProyDigital2_Master.X.production.o 

Object code version is 3.11

Machine type is 16F887



                Name                               Link     Load   Length Selector   Space Scale
C:\Users\Black\AppData\Local\Temp\xcAsdm0.o
                end_init                              C        C        3        8       0
                reset_vec                             0        0        3        0       0
                config                             2007     2007        2        0       4
                idloc                              2000     2000        4        0       5
dist/default/production\ProyDigital2_Master.X.production.o
                cinit                                 F        F        F        8       0
                intentry                              4        4        8        8       0
                config                             2007     2007        2        0       4
                idloc                              2000     2000        4        0       5
                text23                              693      693       20      B7A       0
                text22                              6F2      6F2        D      B7A       0
                text21                              5F5      5F5       2E      B7A       0
                text20                              712      712        9      B7A       0
                text19                              709      709        9      B7A       0
                text18                              6FF      6FF        A      B7A       0
                text17                              723      723        6      B7A       0
                text16                              6B3      6B3       1A      B7A       0
                text15                              6E5      6E5        D      B7A       0
                text14                              3A4      3A4       4B        8       0
                text13                              673      673       20      B7A       0
                text12                              6CD      6CD       18      B7A       0
                text11                              4C3      4C3       44        8       0
                text10                              64F      64F       24      B7A       0
                text9                               33C      33C       68        8       0
                text8                               5BD      5BD       38      B7A       0
                text7                               3EF      3EF       4A        8       0
                text6                               439      439       46        8       0
                text5                               507      507       42        8       0
                text4                               47F      47F       44        8       0
                text3                               549      549       3C        8       0
                text2                               260      260       DC        8       0
                text1                               623      623       2C      B7A       0
                maintext                             1E       1E      242        8       0
                cstackBANK0                          4B       4B       16       20       1
                cstackCOMMON                         70       70        A       70       1
                clrtext                             71B      71B        8      B7A       0
                bssBANK0                             20       20       2B       20       1
                bssCOMMON                            7A       7A        2       70       1
                strings                             585      585       38      B0A       0

TOTAL           Name                               Link     Load   Length     Space
        CLASS   CODE           
                end_init                              C        C        3         0
                cinit                                 F        F        F         0
                intentry                              4        4        8         0
                reset_vec                             0        0        3         0
                text23                              693      693       20         0
                text22                              6F2      6F2        D         0
                text21                              5F5      5F5       2E         0
                text20                              712      712        9         0
                text19                              709      709        9         0
                text18                              6FF      6FF        A         0
                text17                              723      723        6         0
                text16                              6B3      6B3       1A         0
                text15                              6E5      6E5        D         0
                text14                              3A4      3A4       4B         0
                text13                              673      673       20         0
                text12                              6CD      6CD       18         0
                text11                              4C3      4C3       44         0
                text10                              64F      64F       24         0
                text9                               33C      33C       68         0
                text8                               5BD      5BD       38         0
                text7                               3EF      3EF       4A         0
                text6                               439      439       46         0
                text5                               507      507       42         0
                text4                               47F      47F       44         0
                text3                               549      549       3C         0
                text2                               260      260       DC         0
                text1                               623      623       2C         0
                maintext                             1E       1E      242         0
                clrtext                             71B      71B        8         0

        CLASS   STRCODE        

        CLASS   STRING         
                strings                             585      585       38         0

        CLASS   CONST          

        CLASS   ENTRY          

        CLASS   COMMON         
                cstackCOMMON                         70       70        A         1
                bssCOMMON                            7A       7A        2         1

        CLASS   BANK0          
                cstackBANK0                          4B       4B       16         1
                bssBANK0                             20       20       2B         1

        CLASS   BANK1          

        CLASS   BANK2          

        CLASS   BANK3          

        CLASS   RAM            

        CLASS   ABS1           
                abs_s1                               7E       7E        2         1

        CLASS   SFR0           

        CLASS   SFR1           

        CLASS   SFR2           

        CLASS   SFR3           

        CLASS   CONFIG         
                config                             2007     2007        2         4

        CLASS   IDLOC          
                idloc                              2000     2000        4         5

        CLASS   EEDATA         

        CLASS   STACK          



SEGMENTS        Name                           Load    Length   Top    Selector   Space  Class     Delta

                reset_vec                      000000  000003  000003         0       0  CODE        2
                intentry                       000004  000581  000585         8       0  CODE        2
                bssBANK0                       000020  000041  000061        20       1  BANK0       1
                cstackCOMMON                   000070  00000C  00007C        70       1  COMMON      1
                strings                        000585  000038  0005BD       B0A       0  STRING      2
                text8                          0005BD  00016C  000729       B7A       0  CODE        2


UNUSED ADDRESS RANGES

        Name                Unused          Largest block    Delta
        BANK0            0061-006F              F           1
        BANK1            00A0-00EF             50           1
        BANK2            0110-016F             60           1
        BANK3            0190-01EF             60           1
        CODE             0003-0003              1           2
                         0729-1FFF            800
        COMMON           007C-007D              2           1
        CONST            0003-0003              1           2
                         0729-1FFF            100
        EEDATA           2100-21FF            100           2
        ENTRY            0003-0003              1           2
                         0729-1FFF            100
        RAM              0061-006F              F           1
                         00A0-00EF             50
                         0110-016F             60
                         0190-01EF             60
        SFR0             0000-001F             20           1
        SFR1             0080-009F             20           1
        SFR2             0100-010F             10           1
        SFR3             0180-018F             10           1
        STRCODE          0003-0003              1           2
                         0729-1FFF           18D7
        STRING           0003-0003              1           2
                         0729-1FFF            100

                                  Symbol Table

?_I2C_Master_Read          cstackCOMMON 0072
?___lldiv                  cstackCOMMON 0072
?___lwdiv                  cstackCOMMON 0072
?___lwmod                  cstackBANK0  004B
?_sprintf                  cstackBANK0  0051
I2C_Master_Init@c          cstackBANK0  0051
I2C_Master_Read@a          cstackCOMMON 0072
I2C_Master_Read@temp       cstackCOMMON 0076
I2C_Master_Write@d         cstackCOMMON 0072
Lcd_Cmd8@a                 cstackCOMMON 0075
Lcd_Port8@a                cstackCOMMON 0072
Lcd_Set_Cursor8@a          cstackCOMMON 0077
Lcd_Set_Cursor8@b          cstackCOMMON 0076
Lcd_Set_Cursor8@temp       cstackCOMMON 0078
Lcd_Write_Char8@a          cstackCOMMON 0075
Lcd_Write_Char8@y          cstackCOMMON 0074
Lcd_Write_String8@a        cstackCOMMON 0076
Lcd_Write_String8@i        cstackCOMMON 0078
UART_RX_config@baudrate    cstackCOMMON 0072
UART_TX_config@baudrate    cstackCOMMON 0072
UART_write_char@i          cstackCOMMON 0073
UART_write_char@txt        cstackCOMMON 0075
_ANSEL                     (abs)        0188
_ANSELH                    (abs)        0189
_BANDERA                   bssCOMMON    007A
_BRG16                     (abs)        0C3B
_BRGH                      (abs)        04C2
_Bandera                   bssBANK0     0031
_CREN                      (abs)        00C4
_Foto                      bssBANK0     0043
_Fotoresistencia           bssBANK0     002C
_GIE                       (abs)        005F
_I2C_Master_Init           text8        05BD
_I2C_Master_Read           text21       05F5
_I2C_Master_Start          text20       0712
_I2C_Master_Stop           text19       0709
_I2C_Master_Wait           text22       06F2
_I2C_Master_Write          text18       06FF
_INTCONbits                (abs)        000B
_IOCB                      (abs)        0096
_Infra                     bssBANK0     003F
_Infrarrojo                bssBANK0     002A
_Lcd_Clear8                text15       06E5
_Lcd_Cmd8                  text16       06B3
_Lcd_Init8                 text14       03A4
_Lcd_Port8                 text17       0723
_Lcd_Set_Cursor8           text13       0673
_Lcd_Write_Char8           text12       06CD
_Lcd_Write_String8         text11       04C3
_OPTION_REGbits            (abs)        0081
_OSCCONbits                (abs)        008F
_PEIE                      (abs)        005E
_PIE1bits                  (abs)        008C
_PIR1bits                  (abs)        000C
_PORTA                     (abs)        0005
_PORTB                     (abs)        0006
_PORTBbits                 (abs)        0006
_PORTC                     (abs)        0007
_PORTD                     (abs)        0008
_PORTE                     (abs)        0009
_PORTEbits                 (abs)        0009
_RCREG                     (abs)        001A
_RCSTAbits                 (abs)        0018
_RX9                       (abs)        00C6
_SPBRG                     (abs)        0099
_SPBRGH                    (abs)        009A
_SPEN                      (abs)        00C7
_SSPADD                    (abs)        0093
_SSPBUF                    (abs)        0013
_SSPCON                    (abs)        0014
_SSPCON2                   (abs)        0091
_SSPCON2bits               (abs)        0091
_SSPIE                     (abs)        0463
_SSPIF                     (abs)        0063
_SSPSTAT                   (abs)        0094
_SYNC                      (abs)        04C4
_TRISA                     (abs)        0085
_TRISB                     (abs)        0086
_TRISC                     (abs)        0087
_TRISC3                    (abs)        043B
_TRISC4                    (abs)        043C
_TRISCbits                 (abs)        0087
_TRISD                     (abs)        0088
_TRISE                     (abs)        0089
_TRMT                      (abs)        04C1
_TX9                       (abs)        04C6
_TXEN                      (abs)        04C5
_TXIF                      (abs)        0064
_TXREG                     (abs)        0019
_TXSTAbits                 (abs)        0098
_UART_RX_config            text7        03EF
_UART_TX_config            text6        0439
_UART_write_char           text10       064F
_Ultra                     bssBANK0     0047
_Ultrasonico               bssBANK0     002E
__Habs1                    abs1         0000
__Hbank0                   bank0        0000
__Hbank1                   bank1        0000
__Hbank2                   bank2        0000
__Hbank3                   bank3        0000
__HbssBANK0                bssBANK0     0000
__HbssCOMMON               bssCOMMON    0000
__Hcinit                   cinit        001E
__Hclrtext                 clrtext      0000
__Hcode                    code         0000
__Hcommon                  common       0000
__Hconfig                  config       2009
__HcstackBANK0             cstackBANK0  0000
__HcstackCOMMON            cstackCOMMON 0000
__Heeprom_data             eeprom_data  0000
__Hend_init                end_init     000F
__Hfunctab                 functab      0000
__Hidloc                   idloc        2004
__Hinit                    init         000C
__Hintentry                intentry     000C
__Hmaintext                maintext     0000
__Hpowerup                 powerup      0000
__Hram                     ram          0000
__Hreset_vec               reset_vec    0003
__Hsfr0                    sfr0         0000
__Hsfr1                    sfr1         0000
__Hsfr2                    sfr2         0000
__Hsfr3                    sfr3         0000
__Hspace_0                 (abs)        0729
__Hspace_1                 (abs)        007C
__Hspace_2                 (abs)        0000
__Hspace_3                 (abs)        0000
__Hspace_4                 (abs)        4010
__Hstack                   stack        0000
__Hstrings                 strings      0000
__Htext                    text         0000
__Labs1                    abs1         0000
__Lbank0                   bank0        0000
__Lbank1                   bank1        0000
__Lbank2                   bank2        0000
__Lbank3                   bank3        0000
__LbssBANK0                bssBANK0     0000
__LbssCOMMON               bssCOMMON    0000
__Lcinit                   cinit        000F
__Lclrtext                 clrtext      0000
__Lcode                    code         0000
__Lcommon                  common       0000
__Lconfig                  config       0000
__LcstackBANK0             cstackBANK0  0000
__LcstackCOMMON            cstackCOMMON 0000
__Leeprom_data             eeprom_data  0000
__Lend_init                end_init     000C
__Lfunctab                 functab      0000
__Lidloc                   idloc        0000
__Linit                    init         000C
__Lintentry                intentry     0004
__Lmaintext                maintext     0000
__Lpowerup                 powerup      0000
__Lram                     ram          0000
__Lreset_vec               reset_vec    0000
__Lsfr0                    sfr0         0000
__Lsfr1                    sfr1         0000
__Lsfr2                    sfr2         0000
__Lsfr3                    sfr3         0000
__Lspace_0                 (abs)        0000
__Lspace_1                 (abs)        0000
__Lspace_2                 (abs)        0000
__Lspace_3                 (abs)        0000
__Lspace_4                 (abs)        0000
__Lstack                   stack        0000
__Lstrings                 strings      0000
__Ltext                    text         0000
__S0                       (abs)        0729
__S1                       (abs)        007C
__S3                       (abs)        0000
___int_sp                  stack        0000
___latbits                 (abs)        0002
___lldiv                   text9        033C
___lldiv@counter           cstackBANK0  0050
___lldiv@dividend          cstackCOMMON 0076
___lldiv@divisor           cstackCOMMON 0072
___lldiv@quotient          cstackBANK0  004C
___lwdiv                   text4        047F
___lwdiv@counter           cstackCOMMON 0079
___lwdiv@dividend          cstackCOMMON 0074
___lwdiv@divisor           cstackCOMMON 0072
___lwdiv@quotient          cstackCOMMON 0077
___lwmod                   text3        0549
___lwmod@counter           cstackBANK0  0050
___lwmod@dividend          cstackBANK0  004D
___lwmod@divisor           cstackBANK0  004B
___sp                      stack        0000
___stackhi                 (abs)        0000
___stacklo                 (abs)        0000
__end_of_I2C_Master_Init   text8        05F5
__end_of_I2C_Master_Read   text21       0623
__end_of_I2C_Master_Start  text20       071B
__end_of_I2C_Master_Stop   text19       0712
__end_of_I2C_Master_Wait   text22       06FF
__end_of_I2C_Master_Write  text18       0709
__end_of_Lcd_Clear8        text15       06F2
__end_of_Lcd_Cmd8          text16       06CD
__end_of_Lcd_Init8         text14       03EF
__end_of_Lcd_Port8         text17       0729
__end_of_Lcd_Set_Cursor8   text13       0693
__end_of_Lcd_Write_Char8   text12       06E5
__end_of_Lcd_Write_String8 text11       0507
__end_of_UART_RX_config    text7        0439
__end_of_UART_TX_config    text6        047F
__end_of_UART_write_char   text10       0673
__end_of___lldiv           text9        03A4
__end_of___lwdiv           text4        04C3
__end_of___lwmod           text3        0585
__end_of__initialization   cinit        001A
__end_of__stringtab        strings      0595
__end_of_dpowers           strings      059F
__end_of_isr               text23       06B3
__end_of_main              maintext     0260
__end_of_setup             text5        0549
__end_of_sprintf           text2        033C
__end_of_strcat            text1        064F
__initialization           cinit        000F
__pbssBANK0                bssBANK0     0020
__pbssCOMMON               bssCOMMON    007A
__pcstackBANK0             cstackBANK0  004B
__pcstackCOMMON            cstackCOMMON 0070
__pintentry                intentry     0004
__pmaintext                maintext     001E
__pstrings                 strings      0585
__ptext1                   text1        0623
__ptext10                  text10       064F
__ptext11                  text11       04C3
__ptext12                  text12       06CD
__ptext13                  text13       0673
__ptext14                  text14       03A4
__ptext15                  text15       06E5
__ptext16                  text16       06B3
__ptext17                  text17       0723
__ptext18                  text18       06FF
__ptext19                  text19       0709
__ptext2                   text2        0260
__ptext20                  text20       0712
__ptext21                  text21       05F5
__ptext22                  text22       06F2
__ptext23                  text23       0693
__ptext3                   text3        0549
__ptext4                   text4        047F
__ptext5                   text5        0507
__ptext6                   text6        0439
__ptext7                   text7        03EF
__ptext8                   text8        05BD
__ptext9                   text9        033C
__stringbase               strings      0594
__stringtab                strings      0585
_contador                  bssBANK0     0030
_data                      bssBANK0     0032
_datos                     bssCOMMON    007B
_dpowers                   strings      0595
_foto                      bssBANK0     0037
_infra                     bssBANK0     0033
_isr                       text23       0693
_main                      maintext     001E
_setup                     text5        0507
_sprintf                   text2        0260
_strcat                    text1        0623
_ultra                     bssBANK0     003B
btemp                      (abs)        007E
clear_ram0                 clrtext      071B
end_of_initialization      cinit        001A
interrupt_function         intentry     0004
intlevel0                  functab      0000
intlevel1                  functab      0000
intlevel2                  functab      0000
intlevel3                  functab      0000
intlevel4                  functab      0000
intlevel5                  functab      0000
reset_vec                  reset_vec    0000
saved_w                    (abs)        007E
sprintf@ap                 cstackBANK0  0057
sprintf@c                  cstackBANK0  005D
sprintf@f                  cstackBANK0  0051
sprintf@flag               cstackBANK0  0058
sprintf@prec               cstackBANK0  0059
sprintf@sp                 cstackBANK0  005C
sprintf@val                cstackBANK0  005A
start                      init         000C
start_initialization       cinit        000F
strcat@cp                  cstackCOMMON 0074
strcat@from                cstackCOMMON 0072
strcat@to                  cstackCOMMON 0075
wtemp0                     (abs)        007E


MODULE INFORMATION

Module		Function		Class		Link	Load	Size
USART.c
		_UART_TX_config		CODE           	0439	0000	70
		_UART_write_char		CODE           	064F	0000	36
		_UART_RX_config		CODE           	03EF	0000	74

USART.c estimated size: 180

LCD8bits.c
		_Lcd_Init8     		CODE           	03A4	0000	75
		_Lcd_Cmd8      		CODE           	06B3	0000	26
		_Lcd_Write_Char8		CODE           	06CD	0000	24
		_Lcd_Write_String8		CODE           	04C3	0000	68
		_Lcd_Clear8    		CODE           	06E5	0000	13
		_Lcd_Set_Cursor8		CODE           	0673	0000	32
		_Lcd_Port8     		CODE           	0723	0000	6

LCD8bits.c estimated size: 244

I2C.c
		_I2C_Master_Read		CODE           	05F5	0000	46
		_I2C_Master_Wait		CODE           	06F2	0000	13
		_I2C_Master_Init		CODE           	05BD	0000	56
		_I2C_Master_Stop		CODE           	0709	0000	9
		_I2C_Master_Write		CODE           	06FF	0000	10
		_I2C_Master_Start		CODE           	0712	0000	9

I2C.c estimated size: 143

C:\Program Files\Microchip\xc8\v2.40\pic\sources\c90\common\__lldiv.c
		___lldiv       		CODE           	033C	0000	104

C:\Program Files\Microchip\xc8\v2.40\pic\sources\c90\common\__lldiv.c estimated size: 104

C:\Program Files\Microchip\xc8\v2.40\pic\sources\c90\common\doprnt.c
		_sprintf       		CODE           	0260	0000	220

C:\Program Files\Microchip\xc8\v2.40\pic\sources\c90\common\doprnt.c estimated size: 220

C:\Program Files\Microchip\xc8\v2.40\pic\sources\c90\common\lwmod.c
		___lwmod       		CODE           	0549	0000	60

C:\Program Files\Microchip\xc8\v2.40\pic\sources\c90\common\lwmod.c estimated size: 60

shared
		__stringtab    		STRING         	0585	0000	16
		_dpowers       		STRING         	0595	0000	10
		__initialization		CODE           	000F	0000	11

shared estimated size: 37

Master_Sensores.c
		_main          		CODE           	001E	0000	578
		_isr           		CODE           	0693	0000	32
		_setup         		CODE           	0507	0000	66

Master_Sensores.c estimated size: 676

C:\Program Files\Microchip\xc8\v2.40\pic\sources\c90\common\strcat.c
		_strcat        		CODE           	0623	0000	44

C:\Program Files\Microchip\xc8\v2.40\pic\sources\c90\common\strcat.c estimated size: 44

C:\Program Files\Microchip\xc8\v2.40\pic\sources\c90\common\lwdiv.c
		___lwdiv       		CODE           	047F	0000	68

C:\Program Files\Microchip\xc8\v2.40\pic\sources\c90\common\lwdiv.c estimated size: 68

