Microchip MPLAB XC8 Compiler V2.40

Linker command line:

-W-3 \
  --edf=C:\Program Files\Microchip\xc8\v2.40\pic\dat\20220703182018_en.msgs \
  -cn -h+dist/default/production\ProyDigital2_LDR.X.production.sym \
  --cmf=dist/default/production\ProyDigital2_LDR.X.production.cmf -z \
  -Q16F887 -oC:\Users\Black\AppData\Local\Temp\xcAsvno.4 \
  --defsym=__MPLAB_BUILD=1 --fixupoverflow=error \
  -Mdist/default/production/ProyDigital2_LDR.X.production.map \
  --md=C:\Users\Black\AppData\Local\Temp\xcAsvno.dat -E1 -ver=XC8 Compiler \
  --acfsm=1493 -ACODE=00h-07FFhx4 -ASTRCODE=00h-01FFFh -ASTRING=00h-0FFhx32 \
  -ACONST=00h-0FFhx32 -AENTRY=00h-0FFhx32 -ACOMMON=070h-07Fh \
  -ABANK0=020h-06Fh -ABANK1=0A0h-0EFh -ABANK2=0110h-016Fh \
  -ABANK3=0190h-01EFh -ARAM=020h-06Fh,0A0h-0EFh,0110h-016Fh,0190h-01EFh \
  -AABS1=020h-07Fh,0A0h-0EFh,0110h-016Fh,0190h-01EFh -ASFR0=00h-01Fh \
  -ASFR1=080h-09Fh -ASFR2=0100h-010Fh -ASFR3=0180h-018Fh \
  -ACONFIG=02007h-02008h -DCONFIG=2 -AIDLOC=02000h-02003h -DIDLOC=2 \
  -AEEDATA=00h-0FFh/02100h -peeprom_data=EEDATA -DEEDATA=2 -DCODE=2 \
  -DSTRCODE=2 -DSTRING=2 -DCONST=2 -DENTRY=2 \
  -preset_vec=00h,intentry=04h,init,end_init -ppowerup=CODE -pcinit=CODE \
  -pfunctab=ENTRY -k C:\Users\Black\AppData\Local\Temp\xcAsvno.o \
  dist/default/production\ProyDigital2_LDR.X.production.o 

Object code version is 3.11

Machine type is 16F887



                Name                               Link     Load   Length Selector   Space Scale
C:\Users\Black\AppData\Local\Temp\xcAsvno.o
                end_init                              C        C        3        8       0
                reset_vec                             0        0        3        0       0
                config                             2007     2007        2        0       4
                idloc                              2000     2000        4        0       5
dist/default/production\ProyDigital2_LDR.X.production.o
                cinit                                 F        F       18        8       0
                intentry                              4        4        8        8       0
                config                             2007     2007        2        0       4
                idloc                              2000     2000        4        0       5
                text14                              C2E      C2E       5D     185C       0
                text13                              36C      36C      292        8       0
                text12                              B47      B47       29     168E       0
                text11                               27       27      345        8       0
                text10                              DA0      DA0      260     1B40       0
                text9                               AFC      AFC       24     15F8       0
                text8                               C8B      C8B       78     1916       0
                text7                               734      734       BA        8       0
                text6                               D03      D03       9D     1A06       0
                text5                               BE6      BE6       48     17CC       0
                text4                               BA0      BA0       46     1740       0
                text3                               AE2      AE2       1A     15C4       0
                text2                               B70      B70       30     16E0       0
                text1                               B20      B20       27     1640       0
                maintext                            5FE      5FE      136        8       0
                cstackBANK0                          20       20       3C       20       1
                cstackCOMMON                         70       70        8       70       1
                cstackBANK1                          AF       AF        D       A0       1
                clrtext                             7EE      7EE        8        8       0
                bssBANK1                             A0       A0        F       A0       1
                bssBANK0                             5C       5C        B       20       1
                bssCOMMON                            78       78        3       70       1

TOTAL           Name                               Link     Load   Length     Space
        CLASS   CODE           
                end_init                              C        C        3         0
                cinit                                 F        F       18         0
                intentry                              4        4        8         0
                reset_vec                             0        0        3         0
                text14                              C2E      C2E       5D         0
                text13                              36C      36C      292         0
                text12                              B47      B47       29         0
                text11                               27       27      345         0
                text10                              DA0      DA0      260         0
                text9                               AFC      AFC       24         0
                text8                               C8B      C8B       78         0
                text7                               734      734       BA         0
                text6                               D03      D03       9D         0
                text5                               BE6      BE6       48         0
                text4                               BA0      BA0       46         0
                text3                               AE2      AE2       1A         0
                text2                               B70      B70       30         0
                text1                               B20      B20       27         0
                maintext                            5FE      5FE      136         0
                clrtext                             7EE      7EE        8         0

        CLASS   STRCODE        

        CLASS   STRING         

        CLASS   CONST          

        CLASS   ENTRY          

        CLASS   COMMON         
                cstackCOMMON                         70       70        8         1
                bssCOMMON                            78       78        3         1

        CLASS   BANK0          
                cstackBANK0                          20       20       3C         1
                bssBANK0                             5C       5C        B         1

        CLASS   BANK1          
                cstackBANK1                          AF       AF        D         1
                bssBANK1                             A0       A0        F         1

        CLASS   BANK2          

        CLASS   BANK3          

        CLASS   RAM            

        CLASS   ABS1           
                abs_s1                               7E       7E        2         1

        CLASS   SFR0           

        CLASS   SFR1           

        CLASS   SFR2           

        CLASS   SFR3           

        CLASS   CONFIG         
                config                             2007     2007        2         4

        CLASS   IDLOC          
                idloc                              2000     2000        4         5

        CLASS   EEDATA         

        CLASS   STACK          



SEGMENTS        Name                           Load    Length   Top    Selector   Space  Class     Delta

                reset_vec                      000000  000003  000003         0       0  CODE        2
                intentry                       000004  0007F2  0007F6         8       0  CODE        2
                cstackBANK0                    000020  000047  000067        20       1  BANK0       1
                cstackCOMMON                   000070  00000B  00007B        70       1  COMMON      1
                bssBANK1                       0000A0  00001C  0000BC        A0       1  BANK1       1
                text3                          000AE2  00001A  000AFC      15C4       0  CODE        2
                text9                          000AFC  000024  000B20      15F8       0  CODE        2
                text1                          000B20  000027  000B47      1640       0  CODE        2
                text12                         000B47  000029  000B70      168E       0  CODE        2
                text2                          000B70  000030  000BA0      16E0       0  CODE        2
                text4                          000BA0  000046  000BE6      1740       0  CODE        2
                text5                          000BE6  000048  000C2E      17CC       0  CODE        2
                text14                         000C2E  00005D  000C8B      185C       0  CODE        2
                text8                          000C8B  000078  000D03      1916       0  CODE        2
                text6                          000D03  00009D  000DA0      1A06       0  CODE        2
                text10                         000DA0  000260  001000      1B40       0  CODE        2


UNUSED ADDRESS RANGES

        Name                Unused          Largest block    Delta
        BANK0            0067-006F              9           1
        BANK1            00BC-00EF             34           1
        BANK2            0110-016F             60           1
        BANK3            0190-01EF             60           1
        CODE             0003-0003              1           2
                         07F6-0AE1              A
                         1000-1FFF            800
        COMMON           007B-007D              3           1
        CONST            0003-0003              1           2
                         07F6-0AE1            100
                         1000-1FFF            100
        EEDATA           2100-21FF            100           2
        ENTRY            0003-0003              1           2
                         07F6-0AE1            100
                         1000-1FFF            100
        RAM              0067-006F              9           1
                         00BC-00EF             34
                         0110-016F             60
                         0190-01EF             60
        SFR0             0000-001F             20           1
        SFR1             0080-009F             20           1
        SFR2             0100-010F             10           1
        SFR3             0180-018F             10           1
        STRCODE          0003-0003              1           2
                         07F6-0AE1            2EC
                         1000-1FFF           1000
        STRING           0003-0003              1           2
                         07F6-0AE1            100
                         1000-1FFF            100

                                  Symbol Table

?__Umul8_16              cstackCOMMON 0073
?___aldiv                cstackBANK0  0028
?___fladd                cstackBANK0  0020
?___fldiv                cstackBANK0  004C
?___flmul                cstackBANK0  002A
?___flsub                cstackBANK0  0044
?___fltol                cstackCOMMON 0073
?___lmul                 cstackBANK0  0020
?___xxtofl               cstackCOMMON 0073
?_map1                   cstackBANK0  0037
I2C_Slave_Init@address   cstackCOMMON 0073
_ADCON0bits              (abs)        001F
_ADCON1bits              (abs)        009F
_ADRESH                  (abs)        001E
_ADRESL                  (abs)        009E
_ANSEL                   (abs)        0188
_ANSELH                  (abs)        0189
_ANSELbits               (abs)        0188
_Alarma                  bssCOMMON    0078
_BF                      (abs)        04A0
_GIE                     (abs)        005F
_I2C_Slave_Init          text3        0AE2
_LDR                     bssBANK0     0060
_OSCCONbits              (abs)        008F
_PEIE                    (abs)        005E
_PIR1bits                (abs)        000C
_PORTA                   (abs)        0005
_PORTD                   (abs)        0008
_PORTE                   (abs)        0009
_PORTEbits               (abs)        0009
_RADC                    bssCOMMON    0079
_Resistor                bssBANK0     0064
_SSPADD                  (abs)        0093
_SSPBUF                  (abs)        0013
_SSPCON                  (abs)        0014
_SSPCON2                 (abs)        0091
_SSPCON2bits             (abs)        0091
_SSPCONbits              (abs)        0014
_SSPIE                   (abs)        0463
_SSPIF                   (abs)        0063
_SSPSTAT                 (abs)        0094
_SSPSTATbits             (abs)        0094
_TRISA                   (abs)        0085
_TRISC3                  (abs)        043B
_TRISC4                  (abs)        043C
_TRISCbits               (abs)        0087
_TRISD                   (abs)        0088
_TRISE                   (abs)        0089
__Habs1                  abs1         0000
__Hbank0                 bank0        0000
__Hbank1                 bank1        0000
__Hbank2                 bank2        0000
__Hbank3                 bank3        0000
__HbssBANK0              bssBANK0     0000
__HbssBANK1              bssBANK1     0000
__HbssCOMMON             bssCOMMON    0000
__Hcinit                 cinit        0027
__Hclrtext               clrtext      0000
__Hcode                  code         0000
__Hcommon                common       0000
__Hconfig                config       2009
__HcstackBANK0           cstackBANK0  0000
__HcstackBANK1           cstackBANK1  0000
__HcstackCOMMON          cstackCOMMON 0000
__Heeprom_data           eeprom_data  0000
__Hend_init              end_init     000F
__Hfunctab               functab      0000
__Hidloc                 idloc        2004
__Hinit                  init         000C
__Hintentry              intentry     000C
__Hmaintext              maintext     0000
__Hpowerup               powerup      0000
__Hram                   ram          0000
__Hreset_vec             reset_vec    0003
__Hsfr0                  sfr0         0000
__Hsfr1                  sfr1         0000
__Hsfr2                  sfr2         0000
__Hsfr3                  sfr3         0000
__Hspace_0               (abs)        1000
__Hspace_1               (abs)        00BC
__Hspace_2               (abs)        0000
__Hspace_3               (abs)        0000
__Hspace_4               (abs)        4010
__Hstack                 stack        0000
__Hstrings               strings      0000
__Htext                  text         0000
__Labs1                  abs1         0000
__Lbank0                 bank0        0000
__Lbank1                 bank1        0000
__Lbank2                 bank2        0000
__Lbank3                 bank3        0000
__LbssBANK0              bssBANK0     0000
__LbssBANK1              bssBANK1     0000
__LbssCOMMON             bssCOMMON    0000
__Lcinit                 cinit        000F
__Lclrtext               clrtext      0000
__Lcode                  code         0000
__Lcommon                common       0000
__Lconfig                config       0000
__LcstackBANK0           cstackBANK0  0000
__LcstackBANK1           cstackBANK1  0000
__LcstackCOMMON          cstackCOMMON 0000
__Leeprom_data           eeprom_data  0000
__Lend_init              end_init     000C
__Lfunctab               functab      0000
__Lidloc                 idloc        0000
__Linit                  init         000C
__Lintentry              intentry     0004
__Lmaintext              maintext     0000
__Lpowerup               powerup      0000
__Lram                   ram          0000
__Lreset_vec             reset_vec    0000
__Lsfr0                  sfr0         0000
__Lsfr1                  sfr1         0000
__Lsfr2                  sfr2         0000
__Lsfr3                  sfr3         0000
__Lspace_0               (abs)        0000
__Lspace_1               (abs)        0000
__Lspace_2               (abs)        0000
__Lspace_3               (abs)        0000
__Lspace_4               (abs)        0000
__Lstack                 stack        0000
__Lstrings               strings      0000
__Ltext                  text         0000
__S0                     (abs)        1000
__S1                     (abs)        00BC
__S3                     (abs)        0000
__Umul8_16               text12       0B47
__Umul8_16@multiplicand  cstackCOMMON 0073
__Umul8_16@multiplier    cstackBANK0  0024
__Umul8_16@product       cstackBANK0  0020
__Umul8_16@word_mpld     cstackBANK0  0022
___aldiv                 text6        0D03
___aldiv@counter         cstackBANK0  0031
___aldiv@dividend        cstackBANK0  002C
___aldiv@divisor         cstackBANK0  0028
___aldiv@quotient        cstackBANK0  0033
___aldiv@sign            cstackBANK0  0032
___fladd                 text10       0DA0
___fladd@a               cstackBANK0  0024
___fladd@aexp            cstackCOMMON 0074
___fladd@b               cstackBANK0  0020
___fladd@bexp            cstackCOMMON 0075
___fladd@grs             cstackCOMMON 0076
___fladd@signs           cstackCOMMON 0073
___fldiv                 text13       036C
___fldiv@a               cstackBANK0  004C
___fldiv@aexp            cstackBANK1  00BB
___fldiv@b               cstackBANK0  0050
___fldiv@bexp            cstackBANK1  00BA
___fldiv@grs             cstackBANK1  00B6
___fldiv@new_exp         cstackBANK1  00B4
___fldiv@rem             cstackBANK1  00AF
___fldiv@sign            cstackBANK1  00B3
___flmul                 text11       0027
___flmul@a               cstackBANK0  002E
___flmul@aexp            cstackBANK0  003C
___flmul@b               cstackBANK0  002A
___flmul@bexp            cstackBANK0  003D
___flmul@grs             cstackBANK0  0038
___flmul@prod            cstackBANK0  003E
___flmul@sign            cstackBANK0  0037
___flmul@temp            cstackBANK0  0042
___flsub                 text9        0AFC
___flsub@a               cstackBANK0  0044
___flsub@b               cstackBANK0  0048
___fltol                 text8        0C8B
___fltol@exp1            cstackBANK0  0025
___fltol@f1              cstackCOMMON 0073
___fltol@sign1           cstackBANK0  0024
___int_sp                stack        0000
___latbits               (abs)        0002
___lmul                  text5        0BE6
___lmul@multiplicand     cstackBANK0  0024
___lmul@multiplier       cstackBANK0  0020
___lmul@product          cstackCOMMON 0074
___sp                    stack        0000
___stackhi               (abs)        0000
___stacklo               (abs)        0000
___xxtofl                text7        0734
___xxtofl@arg            cstackBANK0  0026
___xxtofl@exp            cstackBANK0  0025
___xxtofl@sign           cstackBANK0  0024
___xxtofl@val            cstackCOMMON 0073
__end_of_I2C_Slave_Init  text3        0AFC
__end_of__Umul8_16       text12       0B70
__end_of___aldiv         text6        0DA0
__end_of___fladd         text10       1000
__end_of___fldiv         text13       05FE
__end_of___flmul         text11       036C
__end_of___flsub         text9        0B20
__end_of___fltol         text8        0D03
__end_of___lmul          text5        0C2E
__end_of___xxtofl        text7        07EE
__end_of__initialization cinit        0023
__end_of_adc_init        text2        0BA0
__end_of_isr             text14       0C8B
__end_of_main            maintext     0734
__end_of_map1            text4        0BE6
__end_of_setup           text1        0B47
__initialization         cinit        000F
__pbssBANK0              bssBANK0     005C
__pbssBANK1              bssBANK1     00A0
__pbssCOMMON             bssCOMMON    0078
__pcstackBANK0           cstackBANK0  0020
__pcstackBANK1           cstackBANK1  00AF
__pcstackCOMMON          cstackCOMMON 0070
__pintentry              intentry     0004
__pmaintext              maintext     05FE
__ptext1                 text1        0B20
__ptext10                text10       0DA0
__ptext11                text11       0027
__ptext12                text12       0B47
__ptext13                text13       036C
__ptext14                text14       0C2E
__ptext2                 text2        0B70
__ptext3                 text3        0AE2
__ptext4                 text4        0BA0
__ptext5                 text5        0BE6
__ptext6                 text6        0D03
__ptext7                 text7        0734
__ptext8                 text8        0C8B
__ptext9                 text9        0AFC
_adc_init                text2        0B70
_isr                     text14       0C2E
_main                    maintext     05FE
_map1                    text4        0BA0
_resistencia             bssBANK0     005C
_setup                   text1        0B20
_z                       bssBANK0     0066
adc_init@channel         cstackCOMMON 0073
btemp                    (abs)        007E
clear_ram0               clrtext      07EE
end_of_initialization    cinit        0023
interrupt_function       intentry     0004
intlevel0                functab      0000
intlevel1                functab      0000
intlevel2                functab      0000
intlevel3                functab      0000
intlevel4                functab      0000
intlevel5                functab      0000
map1@maxx                cstackBANK0  003B
map1@maxy                cstackBANK0  003F
map1@minx                cstackBANK0  0039
map1@miny                cstackBANK0  003D
map1@val                 cstackBANK0  0037
map1@vo                  cstackBANK0  0041
reset_vec                reset_vec    0000
saved_w                  (abs)        007E
start                    init         000C
start_initialization     cinit        000F
wtemp0                   (abs)        007E


MODULE INFORMATION

Module		Function		Class		Link	Load	Size
C:\Program Files\Microchip\xc8\v2.40\pic\sources\c90\common\fltol.c
		___fltol       		CODE           	0C8B	0000	120

C:\Program Files\Microchip\xc8\v2.40\pic\sources\c90\common\fltol.c estimated size: 120

C:\Program Files\Microchip\xc8\v2.40\pic\sources\c90\common\aldiv.c
		___aldiv       		CODE           	0D03	0000	157

C:\Program Files\Microchip\xc8\v2.40\pic\sources\c90\common\aldiv.c estimated size: 157

C:\Program Files\Microchip\xc8\v2.40\pic\sources\c90\common\sprcmul.c
		___flmul       		CODE           	0027	0000	837

C:\Program Files\Microchip\xc8\v2.40\pic\sources\c90\common\sprcmul.c estimated size: 837

I2C.c
		_I2C_Slave_Init		CODE           	0AE2	0000	26

I2C.c estimated size: 26

C:\Program Files\Microchip\xc8\v2.40\pic\sources\c90\common\sprcdiv.c
		___fldiv       		CODE           	036C	0000	658

C:\Program Files\Microchip\xc8\v2.40\pic\sources\c90\common\sprcdiv.c estimated size: 658

Fotoresistencia.c
		_main          		CODE           	05FE	0000	310
		_map1          		CODE           	0BA0	0000	70
		_isr           		CODE           	0C2E	0000	93
		_setup         		CODE           	0B20	0000	39

Fotoresistencia.c estimated size: 512

C:\Program Files\Microchip\xc8\v2.40\pic\sources\c90\common\Umul8_16.c
		__Umul8_16     		CODE           	0B47	0000	41

C:\Program Files\Microchip\xc8\v2.40\pic\sources\c90\common\Umul8_16.c estimated size: 41

shared
		__initialization		CODE           	000F	0000	20

shared estimated size: 20

ADC.c
		_adc_init      		CODE           	0B70	0000	48

ADC.c estimated size: 48

C:\Program Files\Microchip\xc8\v2.40\pic\sources\c90\common\sprcadd.c
		___flsub       		CODE           	0AFC	0000	36
		___fladd       		CODE           	0DA0	0000	608

C:\Program Files\Microchip\xc8\v2.40\pic\sources\c90\common\sprcadd.c estimated size: 644

C:\Program Files\Microchip\xc8\v2.40\pic\sources\c90\common\Umul32.c
		___lmul        		CODE           	0BE6	0000	72

C:\Program Files\Microchip\xc8\v2.40\pic\sources\c90\common\Umul32.c estimated size: 72

C:\Program Files\Microchip\xc8\v2.40\pic\sources\c90\common\xxtofl.c
		___xxtofl      		CODE           	0734	0000	186

C:\Program Files\Microchip\xc8\v2.40\pic\sources\c90\common\xxtofl.c estimated size: 186

